{
  "task_id": "cv__physical_temporal__anchored_gmm__fold1__seed42",
  "protocol": "cross_validation",
  "fold": 1,
  "feature_set": "physical_temporal",
  "model": "anchored_gmm",
  "seed": 42,
  "train_frames": 64196,
  "test_frames": 16049,
  "feature_count": 26,
  "fit_seconds": 0.9605600530048832,
  "component_order": [
    0,
    2,
    1
  ],
  "prediction_file": "/home/tahiti/PhysMelt/outputs/experiments/predictions/cv__physical_temporal__anchored_gmm__fold1__seed42.npz",
  "silhouette": 0.20879230810286514,
  "davies_bouldin": 2.2468408613505817,
  "calinski_harabasz": 1358.883261655153,
  "confidence_mean": 0.9904490492922101,
  "confident_fraction_080": 0.9811203190229921,
  "confident_fraction_095": 0.9601221259891582,
  "cluster_0_fraction": 0.21353355349242945,
  "cluster_1_fraction": 0.2837559972583962,
  "cluster_2_fraction": 0.5027104492491744,
  "thermal_mean_under": -2.1327107907418017,
  "thermal_mean_nominal": 0.7628828242800909,
  "thermal_mean_over": 1.4174717294950607,
  "thermal_monotonic": true,
  "extreme_separation_std": 1.384546254993345,
  "raw_switches": 1023,
  "raw_switches_per_1000": 65.49295774647888,
  "raw_short_run_frame_fraction": 0.029534550439279706,
  "raw_median_run_length": 6.0,
  "raw_mean_run_length": 11.053030303030303,
  "temporal_switches": 639,
  "temporal_switches_per_1000": 40.90909090909091,
  "temporal_short_run_frame_fraction": 0.007975574802168359,
  "temporal_median_run_length": 10.0,
  "temporal_mean_run_length": 15.027153558052435,
  "switch_reduction_fraction": 0.3753665689149561
}
