{
  "task_id": "cv__physical_temporal__anchored_gmm__fold0__seed42",
  "protocol": "cross_validation",
  "fold": 0,
  "feature_set": "physical_temporal",
  "model": "anchored_gmm",
  "seed": 42,
  "train_frames": 64196,
  "test_frames": 16049,
  "feature_count": 26,
  "fit_seconds": 1.7579131369711831,
  "component_order": [
    0,
    1,
    2
  ],
  "prediction_file": "/home/tahiti/PhysMelt/outputs/experiments/predictions/cv__physical_temporal__anchored_gmm__fold0__seed42.npz",
  "silhouette": 0.2394741258028007,
  "davies_bouldin": 2.381304416753811,
  "calinski_harabasz": 1857.490475145999,
  "confidence_mean": 0.990004547257147,
  "confident_fraction_080": 0.9799364446382952,
  "confident_fraction_095": 0.9563212661224998,
  "cluster_0_fraction": 0.4189046046482647,
  "cluster_1_fraction": 0.3245685089413671,
  "cluster_2_fraction": 0.25652688641036825,
  "thermal_mean_under": -2.6087183382674226,
  "thermal_mean_nominal": 0.7980183571886689,
  "thermal_mean_over": 1.2567389148839005,
  "thermal_monotonic": true,
  "extreme_separation_std": 1.335457318388944,
  "raw_switches": 1055,
  "raw_switches_per_1000": 67.5416133162612,
  "raw_short_run_frame_fraction": 0.02592061810704717,
  "raw_median_run_length": 7.0,
  "raw_mean_run_length": 10.814690026954178,
  "temporal_switches": 708,
  "temporal_switches_per_1000": 45.32650448143406,
  "temporal_short_run_frame_fraction": 0.005794753567200449,
  "temporal_median_run_length": 10.0,
  "temporal_mean_run_length": 14.115215479331574,
  "switch_reduction_fraction": 0.32890995260663514
}
