{
  "task_id": "cv__physical_temporal__anchored_gmm__fold4__seed43",
  "protocol": "cross_validation",
  "fold": 4,
  "feature_set": "physical_temporal",
  "model": "anchored_gmm",
  "seed": 43,
  "train_frames": 64196,
  "test_frames": 16049,
  "feature_count": 26,
  "fit_seconds": 1.9260783159406856,
  "component_order": [
    1,
    0,
    2
  ],
  "prediction_file": "/home/tahiti/PhysMelt/outputs/experiments/predictions/cv__physical_temporal__anchored_gmm__fold4__seed43.npz",
  "silhouette": 0.2524720704367912,
  "davies_bouldin": 2.207288893859845,
  "calinski_harabasz": 1729.279553840437,
  "confidence_mean": 0.9900732766883661,
  "confident_fraction_080": 0.9799364446382952,
  "confident_fraction_095": 0.9586267057137516,
  "cluster_0_fraction": 0.38282759050408127,
  "cluster_1_fraction": 0.2726649635491308,
  "cluster_2_fraction": 0.34450744594678795,
  "thermal_mean_under": -2.3072407233061227,
  "thermal_mean_nominal": 0.3339507728700194,
  "thermal_mean_over": 1.1175719090910443,
  "thermal_monotonic": true,
  "extreme_separation_std": 1.3665446126266398,
  "raw_switches": 1049,
  "raw_switches_per_1000": 67.15749039692702,
  "raw_short_run_frame_fraction": 0.02835067605458284,
  "raw_median_run_length": 6.0,
  "raw_mean_run_length": 10.858592692828147,
  "temporal_switches": 676,
  "temporal_switches_per_1000": 43.27784891165173,
  "temporal_short_run_frame_fraction": 0.007477101377032837,
  "temporal_median_run_length": 9.0,
  "temporal_mean_run_length": 14.523981900452489,
  "switch_reduction_fraction": 0.3555767397521449
}
