{
  "task_id": "cv__physical_temporal__anchored_gmm__fold1__seed44",
  "protocol": "cross_validation",
  "fold": 1,
  "feature_set": "physical_temporal",
  "model": "anchored_gmm",
  "seed": 44,
  "train_frames": 64196,
  "test_frames": 16049,
  "feature_count": 26,
  "fit_seconds": 1.5456946780905128,
  "component_order": [
    0,
    2,
    1
  ],
  "prediction_file": "/home/tahiti/PhysMelt/outputs/experiments/predictions/cv__physical_temporal__anchored_gmm__fold1__seed44.npz",
  "silhouette": 0.21445189519366528,
  "davies_bouldin": 2.2442218714215474,
  "calinski_harabasz": 1412.4601416418657,
  "confidence_mean": 0.9903998236066424,
  "confident_fraction_080": 0.9811203190229921,
  "confident_fraction_095": 0.9598728892765904,
  "cluster_0_fraction": 0.2125366066421584,
  "cluster_1_fraction": 0.28500218082123496,
  "cluster_2_fraction": 0.5024612125366067,
  "thermal_mean_under": -2.1386547393653252,
  "thermal_mean_nominal": 0.7703490247869782,
  "thermal_mean_over": 1.4103305173691738,
  "thermal_monotonic": true,
  "extreme_separation_std": 1.3840793306341075,
  "raw_switches": 1030,
  "raw_switches_per_1000": 65.94110115236876,
  "raw_short_run_frame_fraction": 0.029472241261137764,
  "raw_median_run_length": 6.0,
  "raw_mean_run_length": 11.0,
  "temporal_switches": 638,
  "temporal_switches_per_1000": 40.84507042253521,
  "temporal_short_run_frame_fraction": 0.007975574802168359,
  "temporal_median_run_length": 10.0,
  "temporal_mean_run_length": 15.041237113402062,
  "switch_reduction_fraction": 0.3805825242718447
}
