{
  "task_id": "cv__physical_temporal__anchored_gmm__fold4__seed44",
  "protocol": "cross_validation",
  "fold": 4,
  "feature_set": "physical_temporal",
  "model": "anchored_gmm",
  "seed": 44,
  "train_frames": 64196,
  "test_frames": 16049,
  "feature_count": 26,
  "fit_seconds": 0.7808645479381084,
  "component_order": [
    0,
    1,
    2
  ],
  "prediction_file": "/home/tahiti/PhysMelt/outputs/experiments/predictions/cv__physical_temporal__anchored_gmm__fold4__seed44.npz",
  "silhouette": 0.1933974891810335,
  "davies_bouldin": 1.7034182380453695,
  "calinski_harabasz": 2215.9336701781,
  "confidence_mean": 0.9827267468346899,
  "confident_fraction_080": 0.9637360583213908,
  "confident_fraction_095": 0.9267867156832201,
  "cluster_0_fraction": 0.3306124992211353,
  "cluster_1_fraction": 0.4427690198766278,
  "cluster_2_fraction": 0.2266184809022369,
  "thermal_mean_under": -3.0556582886275385,
  "thermal_mean_nominal": -0.15675987647374184,
  "thermal_mean_over": 2.9672794130137192,
  "thermal_monotonic": true,
  "extreme_separation_std": 2.4032301768878943,
  "raw_switches": 1870,
  "raw_switches_per_1000": 119.71830985915493,
  "raw_short_run_frame_fraction": 0.07084553554738612,
  "raw_median_run_length": 3.0,
  "raw_mean_run_length": 6.980861244019139,
  "temporal_switches": 1490,
  "temporal_switches_per_1000": 95.39052496798976,
  "temporal_short_run_frame_fraction": 0.04610879182503583,
  "temporal_median_run_length": 4.0,
  "temporal_mean_run_length": 8.363210005211048,
  "switch_reduction_fraction": 0.20320855614973254
}
