{
  "task_id": "cv__physical_temporal__anchored_gmm__fold2__seed44",
  "protocol": "cross_validation",
  "fold": 2,
  "feature_set": "physical_temporal",
  "model": "anchored_gmm",
  "seed": 44,
  "train_frames": 64196,
  "test_frames": 16049,
  "feature_count": 26,
  "fit_seconds": 1.0841588180046529,
  "component_order": [
    0,
    2,
    1
  ],
  "prediction_file": "/home/tahiti/PhysMelt/outputs/experiments/predictions/cv__physical_temporal__anchored_gmm__fold2__seed44.npz",
  "silhouette": 0.23942360585902736,
  "davies_bouldin": 2.242777877987066,
  "calinski_harabasz": 1728.7567094457515,
  "confidence_mean": 0.9888361899923974,
  "confident_fraction_080": 0.9773194591563338,
  "confident_fraction_095": 0.9526450246121254,
  "cluster_0_fraction": 0.3567200448626083,
  "cluster_1_fraction": 0.2889276590441772,
  "cluster_2_fraction": 0.35435229609321456,
  "thermal_mean_under": -2.431528582244166,
  "thermal_mean_nominal": 0.224538425411137,
  "thermal_mean_over": 1.0339925178406548,
  "thermal_monotonic": true,
  "extreme_separation_std": 1.3546187825602403,
  "raw_switches": 1112,
  "raw_switches_per_1000": 71.19078104993598,
  "raw_short_run_frame_fraction": 0.0285999127671506,
  "raw_median_run_length": 6.0,
  "raw_mean_run_length": 10.414665801427644,
  "temporal_switches": 707,
  "temporal_switches_per_1000": 45.26248399487836,
  "temporal_short_run_frame_fraction": 0.005857062745342389,
  "temporal_median_run_length": 9.0,
  "temporal_mean_run_length": 14.127640845070422,
  "switch_reduction_fraction": 0.36420863309352525
}
