{
  "task_id": "cv__physical_temporal__anchored_gmm__fold2__seed43",
  "protocol": "cross_validation",
  "fold": 2,
  "feature_set": "physical_temporal",
  "model": "anchored_gmm",
  "seed": 43,
  "train_frames": 64196,
  "test_frames": 16049,
  "feature_count": 26,
  "fit_seconds": 2.7515139220049605,
  "component_order": [
    1,
    0,
    2
  ],
  "prediction_file": "/home/tahiti/PhysMelt/outputs/experiments/predictions/cv__physical_temporal__anchored_gmm__fold2__seed43.npz",
  "silhouette": 0.23701002685230724,
  "davies_bouldin": 2.2162834318604268,
  "calinski_harabasz": 1698.7181632671156,
  "confidence_mean": 0.9889533682519118,
  "confident_fraction_080": 0.978004860115895,
  "confident_fraction_095": 0.9525204062558414,
  "cluster_0_fraction": 0.3620786341828151,
  "cluster_1_fraction": 0.2810767025982927,
  "cluster_2_fraction": 0.35684466321889213,
  "thermal_mean_under": -2.3989280682791967,
  "thermal_mean_nominal": 0.15069743143364953,
  "thermal_mean_over": 1.093307820118145,
  "thermal_monotonic": true,
  "extreme_separation_std": 1.3650611815458866,
  "raw_switches": 1120,
  "raw_switches_per_1000": 71.70294494238156,
  "raw_short_run_frame_fraction": 0.02853760358900866,
  "raw_median_run_length": 6.0,
  "raw_mean_run_length": 10.360877985797288,
  "temporal_switches": 742,
  "temporal_switches_per_1000": 47.50320102432779,
  "temporal_short_run_frame_fraction": 0.005794753567200449,
  "temporal_median_run_length": 8.0,
  "temporal_mean_run_length": 13.705380017079419,
  "switch_reduction_fraction": 0.3375
}
